[     199ms] [INFO] %cDownload the React DevTools for a better development experience: https://reactjs.org/link/react-devtools font-weight:bold @ http://localhost:1420/node_modules/.vite/deps/chunk-3OUSE6UW.js?v=2f73116f:21550
[     269ms] TypeError: Cannot read properties of undefined (reading 'transformCallback')
    at transformCallback (http://localhost:1420/node_modules/.vite/deps/chunk-3D3XGJZW.js?v=2f73116f:22:37)
    at listen (http://localhost:1420/node_modules/.vite/deps/chunk-3D3XGJZW.js?v=2f73116f:132:14)
    at http://localhost:1420/src/hooks/useCompanionState.ts:13:5
    at commitHookEffectListMount (http://localhost:1420/node_modules/.vite/deps/chunk-3OUSE6UW.js?v=2f73116f:16915:34)
    at commitPassiveMountOnFiber (http://localhost:1420/node_modules/.vite/deps/chunk-3OUSE6UW.js?v=2f73116f:18156:19)
    at commitPassiveMountEffects_complete (http://localhost:1420/node_modules/.vite/deps/chunk-3OUSE6UW.js?v=2f73116f:18129:17)
    at commitPassiveMountEffects_begin (http://localhost:1420/node_modules/.vite/deps/chunk-3OUSE6UW.js?v=2f73116f:18119:15)
    at commitPassiveMountEffects (http://localhost:1420/node_modules/.vite/deps/chunk-3OUSE6UW.js?v=2f73116f:18109:11)
    at flushPassiveEffectsImpl (http://localhost:1420/node_modules/.vite/deps/chunk-3OUSE6UW.js?v=2f73116f:19490:11)
    at flushPassiveEffects (http://localhost:1420/node_modules/.vite/deps/chunk-3OUSE6UW.js?v=2f73116f:19447:22)
[     269ms] TypeError: Cannot read properties of undefined (reading 'transformCallback')
    at transformCallback (http://localhost:1420/node_modules/.vite/deps/chunk-3D3XGJZW.js?v=2f73116f:22:37)
    at listen (http://localhost:1420/node_modules/.vite/deps/chunk-3D3XGJZW.js?v=2f73116f:132:14)
    at http://localhost:1420/src/hooks/useCompanionState.ts:13:5
    at commitHookEffectListMount (http://localhost:1420/node_modules/.vite/deps/chunk-3OUSE6UW.js?v=2f73116f:16915:34)
    at invokePassiveEffectMountInDEV (http://localhost:1420/node_modules/.vite/deps/chunk-3OUSE6UW.js?v=2f73116f:18324:19)
    at invokeEffectsInDev (http://localhost:1420/node_modules/.vite/deps/chunk-3OUSE6UW.js?v=2f73116f:19701:19)
    at commitDoubleInvokeEffectsInDEV (http://localhost:1420/node_modules/.vite/deps/chunk-3OUSE6UW.js?v=2f73116f:19686:15)
    at flushPassiveEffectsImpl (http://localhost:1420/node_modules/.vite/deps/chunk-3OUSE6UW.js?v=2f73116f:19503:13)
    at flushPassiveEffects (http://localhost:1420/node_modules/.vite/deps/chunk-3OUSE6UW.js?v=2f73116f:19447:22)
    at http://localhost:1420/node_modules/.vite/deps/chunk-3OUSE6UW.js?v=2f73116f:19328:17
[  106639ms] TypeError: Cannot read properties of undefined (reading 'state')
    at useCompanionState (http://localhost:1420/src/hooks/useCompanionState.ts:42:57)
    at App (http://localhost:1420/src/App.tsx?t=1780910189417:28:32)
    at renderWithHooks (http://localhost:1420/node_modules/.vite/deps/chunk-3OUSE6UW.js?v=2f73116f:11548:26)
    at updateFunctionComponent (http://localhost:1420/node_modules/.vite/deps/chunk-3OUSE6UW.js?v=2f73116f:14582:28)
    at beginWork (http://localhost:1420/node_modules/.vite/deps/chunk-3OUSE6UW.js?v=2f73116f:15924:22)
    at HTMLUnknownElement.callCallback2 (http://localhost:1420/node_modules/.vite/deps/chunk-3OUSE6UW.js?v=2f73116f:3674:22)
    at Object.invokeGuardedCallbackDev (http://localhost:1420/node_modules/.vite/deps/chunk-3OUSE6UW.js?v=2f73116f:3699:24)
    at invokeGuardedCallback (http://localhost:1420/node_modules/.vite/deps/chunk-3OUSE6UW.js?v=2f73116f:3733:39)
    at beginWork$1 (http://localhost:1420/node_modules/.vite/deps/chunk-3OUSE6UW.js?v=2f73116f:19765:15)
    at performUnitOfWork (http://localhost:1420/node_modules/.vite/deps/chunk-3OUSE6UW.js?v=2f73116f:19198:20)
[  106641ms] TypeError: Cannot read properties of undefined (reading 'state')
    at useCompanionState (http://localhost:1420/src/hooks/useCompanionState.ts:42:57)
    at App (http://localhost:1420/src/App.tsx?t=1780910189417:28:32)
    at renderWithHooks (http://localhost:1420/node_modules/.vite/deps/chunk-3OUSE6UW.js?v=2f73116f:11548:26)
    at updateFunctionComponent (http://localhost:1420/node_modules/.vite/deps/chunk-3OUSE6UW.js?v=2f73116f:14582:28)
    at beginWork (http://localhost:1420/node_modules/.vite/deps/chunk-3OUSE6UW.js?v=2f73116f:15924:22)
    at HTMLUnknownElement.callCallback2 (http://localhost:1420/node_modules/.vite/deps/chunk-3OUSE6UW.js?v=2f73116f:3674:22)
    at Object.invokeGuardedCallbackDev (http://localhost:1420/node_modules/.vite/deps/chunk-3OUSE6UW.js?v=2f73116f:3699:24)
    at invokeGuardedCallback (http://localhost:1420/node_modules/.vite/deps/chunk-3OUSE6UW.js?v=2f73116f:3733:39)
    at beginWork$1 (http://localhost:1420/node_modules/.vite/deps/chunk-3OUSE6UW.js?v=2f73116f:19765:15)
    at performUnitOfWork (http://localhost:1420/node_modules/.vite/deps/chunk-3OUSE6UW.js?v=2f73116f:19198:20)
[  106644ms] [ERROR] The above error occurred in the <App> component:

    at App (http://localhost:1420/src/App.tsx?t=1780910189417:28:32)

Consider adding an error boundary to your tree to customize error handling behavior.
Visit https://reactjs.org/link/error-boundaries to learn more about error boundaries. @ http://localhost:1420/node_modules/.vite/deps/chunk-3OUSE6UW.js?v=2f73116f:14031
[  106647ms] TypeError: Cannot read properties of undefined (reading 'state')
    at useCompanionState (http://localhost:1420/src/hooks/useCompanionState.ts:42:57)
    at App (http://localhost:1420/src/App.tsx?t=1780910189417:28:32)
    at renderWithHooks (http://localhost:1420/node_modules/.vite/deps/chunk-3OUSE6UW.js?v=2f73116f:11548:26)
    at updateFunctionComponent (http://localhost:1420/node_modules/.vite/deps/chunk-3OUSE6UW.js?v=2f73116f:14582:28)
    at beginWork (http://localhost:1420/node_modules/.vite/deps/chunk-3OUSE6UW.js?v=2f73116f:15924:22)
    at beginWork$1 (http://localhost:1420/node_modules/.vite/deps/chunk-3OUSE6UW.js?v=2f73116f:19753:22)
    at performUnitOfWork (http://localhost:1420/node_modules/.vite/deps/chunk-3OUSE6UW.js?v=2f73116f:19198:20)
    at workLoopSync (http://localhost:1420/node_modules/.vite/deps/chunk-3OUSE6UW.js?v=2f73116f:19137:13)
    at renderRootSync (http://localhost:1420/node_modules/.vite/deps/chunk-3OUSE6UW.js?v=2f73116f:19116:15)
    at recoverFromConcurrentError (http://localhost:1420/node_modules/.vite/deps/chunk-3OUSE6UW.js?v=2f73116f:18736:28)
