[     166ms] [INFO] %cDownload the React DevTools for a better development experience: https://reactjs.org/link/react-devtools font-weight:bold @ http://localhost:1420/node_modules/.vite/deps/chunk-3OUSE6UW.js?v=2f73116f:21550
[     209ms] TypeError: Cannot read properties of undefined (reading 'transformCallback')
    at transformCallback (http://localhost:1420/node_modules/.vite/deps/chunk-3D3XGJZW.js?v=2f73116f:22:37)
    at listen (http://localhost:1420/node_modules/.vite/deps/chunk-3D3XGJZW.js?v=2f73116f:132:14)
    at http://localhost:1420/src/hooks/useCompanionState.ts:13:5
    at commitHookEffectListMount (http://localhost:1420/node_modules/.vite/deps/chunk-3OUSE6UW.js?v=2f73116f:16915:34)
    at commitPassiveMountOnFiber (http://localhost:1420/node_modules/.vite/deps/chunk-3OUSE6UW.js?v=2f73116f:18156:19)
    at commitPassiveMountEffects_complete (http://localhost:1420/node_modules/.vite/deps/chunk-3OUSE6UW.js?v=2f73116f:18129:17)
    at commitPassiveMountEffects_begin (http://localhost:1420/node_modules/.vite/deps/chunk-3OUSE6UW.js?v=2f73116f:18119:15)
    at commitPassiveMountEffects (http://localhost:1420/node_modules/.vite/deps/chunk-3OUSE6UW.js?v=2f73116f:18109:11)
    at flushPassiveEffectsImpl (http://localhost:1420/node_modules/.vite/deps/chunk-3OUSE6UW.js?v=2f73116f:19490:11)
    at flushPassiveEffects (http://localhost:1420/node_modules/.vite/deps/chunk-3OUSE6UW.js?v=2f73116f:19447:22)
[     209ms] TypeError: Cannot read properties of undefined (reading 'transformCallback')
    at transformCallback (http://localhost:1420/node_modules/.vite/deps/chunk-3D3XGJZW.js?v=2f73116f:22:37)
    at listen (http://localhost:1420/node_modules/.vite/deps/chunk-3D3XGJZW.js?v=2f73116f:132:14)
    at http://localhost:1420/src/hooks/useCompanionState.ts:13:5
    at commitHookEffectListMount (http://localhost:1420/node_modules/.vite/deps/chunk-3OUSE6UW.js?v=2f73116f:16915:34)
    at invokePassiveEffectMountInDEV (http://localhost:1420/node_modules/.vite/deps/chunk-3OUSE6UW.js?v=2f73116f:18324:19)
    at invokeEffectsInDev (http://localhost:1420/node_modules/.vite/deps/chunk-3OUSE6UW.js?v=2f73116f:19701:19)
    at commitDoubleInvokeEffectsInDEV (http://localhost:1420/node_modules/.vite/deps/chunk-3OUSE6UW.js?v=2f73116f:19686:15)
    at flushPassiveEffectsImpl (http://localhost:1420/node_modules/.vite/deps/chunk-3OUSE6UW.js?v=2f73116f:19503:13)
    at flushPassiveEffects (http://localhost:1420/node_modules/.vite/deps/chunk-3OUSE6UW.js?v=2f73116f:19447:22)
    at http://localhost:1420/node_modules/.vite/deps/chunk-3OUSE6UW.js?v=2f73116f:19328:17
[  166656ms] TypeError: Cannot read properties of undefined (reading 'transformCallback')
    at transformCallback (http://localhost:1420/node_modules/.vite/deps/chunk-3D3XGJZW.js?v=2f73116f:22:37)
    at listen (http://localhost:1420/node_modules/.vite/deps/chunk-3D3XGJZW.js?v=2f73116f:132:14)
    at http://localhost:1420/src/hooks/useCompanionState.ts:13:5
    at commitHookEffectListMount (http://localhost:1420/node_modules/.vite/deps/chunk-3OUSE6UW.js?v=2f73116f:16915:34)
    at commitPassiveMountOnFiber (http://localhost:1420/node_modules/.vite/deps/chunk-3OUSE6UW.js?v=2f73116f:18156:19)
    at commitPassiveMountEffects_complete (http://localhost:1420/node_modules/.vite/deps/chunk-3OUSE6UW.js?v=2f73116f:18129:17)
    at commitPassiveMountEffects_begin (http://localhost:1420/node_modules/.vite/deps/chunk-3OUSE6UW.js?v=2f73116f:18119:15)
    at commitPassiveMountEffects (http://localhost:1420/node_modules/.vite/deps/chunk-3OUSE6UW.js?v=2f73116f:18109:11)
    at flushPassiveEffectsImpl (http://localhost:1420/node_modules/.vite/deps/chunk-3OUSE6UW.js?v=2f73116f:19490:11)
    at flushPassiveEffects (http://localhost:1420/node_modules/.vite/deps/chunk-3OUSE6UW.js?v=2f73116f:19447:22)
[  182862ms] TypeError: Cannot read properties of undefined (reading 'transformCallback')
    at transformCallback (http://localhost:1420/node_modules/.vite/deps/chunk-3D3XGJZW.js?v=2f73116f:22:37)
    at listen (http://localhost:1420/node_modules/.vite/deps/chunk-3D3XGJZW.js?v=2f73116f:132:14)
    at http://localhost:1420/src/hooks/useCompanionState.ts:13:5
    at commitHookEffectListMount (http://localhost:1420/node_modules/.vite/deps/chunk-3OUSE6UW.js?v=2f73116f:16915:34)
    at commitPassiveMountOnFiber (http://localhost:1420/node_modules/.vite/deps/chunk-3OUSE6UW.js?v=2f73116f:18156:19)
    at commitPassiveMountEffects_complete (http://localhost:1420/node_modules/.vite/deps/chunk-3OUSE6UW.js?v=2f73116f:18129:17)
    at commitPassiveMountEffects_begin (http://localhost:1420/node_modules/.vite/deps/chunk-3OUSE6UW.js?v=2f73116f:18119:15)
    at commitPassiveMountEffects (http://localhost:1420/node_modules/.vite/deps/chunk-3OUSE6UW.js?v=2f73116f:18109:11)
    at flushPassiveEffectsImpl (http://localhost:1420/node_modules/.vite/deps/chunk-3OUSE6UW.js?v=2f73116f:19490:11)
    at flushPassiveEffects (http://localhost:1420/node_modules/.vite/deps/chunk-3OUSE6UW.js?v=2f73116f:19447:22)
